[2026/10/07 22:18:12 INFO]:           __             _       
[2026/10/07 22:18:12 INFO]:   _ __   / /  ___   __ _(_)_ __  
[2026/10/07 22:18:12 INFO]:  | '_ \ / /  / _ \ / _` | | '_ \ 
[2026/10/07 22:18:12 INFO]:  | | | / /__| (_) | (_| | | | | |
[2026/10/07 22:18:12 INFO]:  |_| |_\____/\___/ \__, |_|_| |_|
[2026/10/07 22:18:12 INFO]:                   |___/            
[2026/10/07 22:18:12 INFO]:  By: www.nickuc.com - V 2.0.24 DEV
[2026/10/07 22:18:12 INFO]:  
[2026/10/07 22:18:12 DEBUG]: Loading the messages_en.yml message file...
[2026/10/07 22:18:12 DEBUG]: Messages were loaded in 62 ms (single file).
[2026/10/07 22:18:12 WARN]: The "unsupported-settings.perform-username-validation" option is enabled in config/paper-global.yml
[2026/10/07 22:18:12 WARN]: The username-appender feature may fail with an invalid nickname kick message.
[2026/10/07 22:18:12 DEBUG]: Settings were loaded in 123 ms.
[2026/10/07 22:18:12 DEBUG]: Loading database...
[2026/10/07 22:18:12 DEBUG]: Starting logger filter...
[2026/10/07 22:18:13 INFO]: Loading packetevents-spigot 2.14.0-SNAPSHOT...
[2026/10/07 22:28:03 DEBUG]: [SQLite] [UPDATE]: "UPDATE `nlogin` SET `last_name` = 'ItsVoidMe', `unique_id` = be0a981ba80234198e76899cd7368d6e,  `mojang_id` = null,  `bedrock_id` = null,  `password` = '$argon2id$v=19$m=32768,t=5,p=1$p2TBOLzbEVqA2vx0mdBssg$xGimfeHayeZW0n4o3IBWjTH4OJFZQp+L5crAA5YuZyw', `last_ip` = '127.188.64.57', `creation_date` = 2026-10-06 12:47:48.711, `last_seen` = 2026-10-07 22:28:03.123, `email` = null, `discord` = null, `settings` = '{"settings":[{"value":"en","key":"language"}],"version":0}' WHERE `ai` = 1" (applied to [last_ip, last_seen, settings] columns)
[2026/10/07 22:28:03 INFO]: The user ItsVoidMe has successfully logged in.
[2026/10/07 22:29:45 DEBUG]: [SQLite] [UPDATE]: "UPDATE `nlogin` SET `last_name` = 'ItsVoidMe', `unique_id` = be0a981ba80234198e76899cd7368d6e,  `mojang_id` = null,  `bedrock_id` = null,  `password` = '$argon2id$v=19$m=32768,t=5,p=1$p2TBOLzbEVqA2vx0mdBssg$xGimfeHayeZW0n4o3IBWjTH4OJFZQp+L5crAA5YuZyw', `last_ip` = '127.188.64.57', `creation_date` = 2026-10-06 12:47:48.711, `last_seen` = 2026-10-07 22:29:45.157, `email` = null, `discord` = null, `settings` = '{"settings":[{"value":"en","key":"language"}],"version":0}' WHERE `ai` = 1" (applied to [last_seen, settings] columns)
[2026/10/07 22:30:18 INFO]: Successful plugin core shutdown (took 0.00s)
