[2026/10/07 21:33:22 INFO]:           __             _       
[2026/10/07 21:33:22 INFO]:   _ __   / /  ___   __ _(_)_ __  
[2026/10/07 21:33:22 INFO]:  | '_ \ / /  / _ \ / _` | | '_ \ 
[2026/10/07 21:33:22 INFO]:  | | | / /__| (_) | (_| | | | | |
[2026/10/07 21:33:22 INFO]:  |_| |_\____/\___/ \__, |_|_| |_|
[2026/10/07 21:33:22 INFO]:                   |___/            
[2026/10/07 21:33:22 INFO]:  By: www.nickuc.com - V 2.0.24 DEV
[2026/10/07 21:33:22 INFO]:  
[2026/10/07 21:33:22 DEBUG]: Loading the messages_en.yml message file...
[2026/10/07 21:33:22 DEBUG]: Messages were loaded in 65 ms (single file).
[2026/10/07 21:33:22 WARN]: The "unsupported-settings.perform-username-validation" option is enabled in config/paper-global.yml
[2026/10/07 21:33:22 WARN]: The username-appender feature may fail with an invalid nickname kick message.
[2026/10/07 21:33:22 DEBUG]: Settings were loaded in 111 ms.
[2026/10/07 21:33:22 DEBUG]: Loading database...
[2026/10/07 21:33:22 DEBUG]: Starting logger filter...
[2026/10/07 21:33:22 INFO]: Loading packetevents-spigot 2.14.0-SNAPSHOT...
[2026/10/07 21:37:40 DEBUG]: [SQLite] [UPDATE]: "UPDATE `nlogin` SET `last_name` = 'jettism', `unique_id` = 56a1e20505eb3fc4a68d7e50f3524968,  `mojang_id` = null,  `bedrock_id` = null,  `password` = '$argon2id$v=19$m=32768,t=5,p=1$hx6ktm31PdzWnb/ydNS4zg$xLnfrYr92FMA3qD12lKjrFZGe2GOX9p/HfYjw61Dl1o', `last_ip` = '169.224.29.0', `creation_date` = 2026-10-07 18:31:22.877, `last_seen` = 2026-10-07 21:37:40.403, `email` = null, `discord` = null, `settings` = '{"settings":[{"value":"en","key":"language"}],"version":0}' WHERE `ai` = 4" (applied to [last_ip, last_seen, settings] columns)
[2026/10/07 21:37:40 INFO]: The user jettism has successfully logged in.
[2026/10/07 21:39:09 DEBUG]: [SQLite] [UPDATE]: "UPDATE `nlogin` SET `last_name` = 'jettism', `unique_id` = 56a1e20505eb3fc4a68d7e50f3524968,  `mojang_id` = null,  `bedrock_id` = null,  `password` = '$argon2id$v=19$m=32768,t=5,p=1$hx6ktm31PdzWnb/ydNS4zg$xLnfrYr92FMA3qD12lKjrFZGe2GOX9p/HfYjw61Dl1o', `last_ip` = '169.224.29.0', `creation_date` = 2026-10-07 18:31:22.877, `last_seen` = 2026-10-07 21:39:09.25, `email` = null, `discord` = null, `settings` = '{"settings":[{"value":"en","key":"language"}],"version":0}' WHERE `ai` = 4" (applied to [last_seen, settings] columns)
[2026/10/07 21:59:07 INFO]: Successful plugin core shutdown (took 0.00s)
