Starting org.bukkit.craftbukkit.Main
2026-10-07T18:55:07.020472373Z ServerMain WARN Advanced terminal features are not available in this environment
[18:55:07 INFO]: [bootstrap] Running Java 25 (OpenJDK 64-Bit Server VM 25.0.2+10-LTS; Microsoft Microsoft-13053558) on Linux 6.8.0-1064-azure (amd64)
[18:55:07 INFO]: [bootstrap] Loading Paper 26.2-121-main@a2a42c5 (2026-08-29T11:32:25Z) for Minecraft 26.2
[18:55:07 INFO]: [PluginInitializerManager] Initializing plugins...
[18:55:08 INFO]: [PluginInitializerManager] Initialized 34 plugins
[18:55:08 INFO]: [PluginInitializerManager] Paper plugins (2):
 - FancyNpcs (2.11.0), Veinminer (2.12.1)
[18:55:08 INFO]: [PluginInitializerManager] Bukkit plugins (32):
 - AntiVPN (1.0.0), AutoBroadcaster (1.4.0), Chunky (1.5.3), Geyser-Spigot (2.11.3-SNAPSHOT), GrimAC (2.3.74-61caa53), IllegalClientGuard (1.1.1), LifeStealZ (2.21.1), LuckPerms (5.5.71), MatrixBanShield (1.0.0), Multiverse-Core (5.8.1), PlaceholderAPI (2.12.3), ProtocolLib (5.4.0), RTPQueue (2.0), RankKits (1.0.0), SkinsRestorer (15.12.6), TotemGuard (2.1.4), UltimateDonutSmp (1.4.1), Vault (1.7.3-b131), ViaBackwards (5.12.0-SNAPSHOT), ViaRewind (4.1.3), ViaVersion (5.12.0-SNAPSHOT), VoidGen (2.3.8), WorldEdit (7.4.5+7590-b8dc4c1), WorldGuard (7.0.18+2392-fa605e6), floodgate (2.2.5-SNAPSHOT (b140-8780fa4)), minernotifier (1.0), nAntiBot (2.0.8), nLogin (2.0.24), packetevents (2.13.0), playit-gg (0.2.0), sDiscord (1.6.2), voicechat (2.6.24)
WARNING: A terminally deprecated method in sun.misc.Unsafe has been called
WARNING: sun.misc.Unsafe::objectFieldOffset has been called by org.joml.MemUtil$MemUtilUnsafe (file:/workspaces/ItsVoid/libraries/org/joml/joml/1.10.8/joml-1.10.8.jar)
WARNING: Please consider reporting this to the maintainers of class org.joml.MemUtil$MemUtilUnsafe
WARNING: sun.misc.Unsafe::objectFieldOffset will be removed in a future release
[18:55:13 INFO]: [ca.spottedleaf.dataconverter.minecraft.datatypes.MCTypeRegistry] Initialising converters for DataConverter...
[18:55:13 WARN]: Failed to parse resource pack prompt 'Pack hosted by minepack.fr for free'
com.google.gson.JsonSyntaxException: com.google.gson.stream.MalformedJsonException: Use JsonReader.setStrictness(Strictness.LENIENT) to accept malformed JSON at line 1 column 1 path $
See https://github.com/google/gson/blob/main/Troubleshooting.md#malformed-json
	at com.google.gson.internal.Streams.parse(Streams.java:60) ~[gson-2.14.0.jar:?]
	at com.google.gson.JsonParser.parseReader(JsonParser.java:144) ~[gson-2.14.0.jar:?]
	at net.minecraft.util.StrictJsonParser.parse(StrictJsonParser.java:20) ~[paper-26.2.jar:26.2-121-a2a42c5]
	at net.minecraft.util.StrictJsonParser.parse(StrictJsonParser.java:34) ~[paper-26.2.jar:26.2-121-a2a42c5]
	at net.minecraft.server.dedicated.DedicatedServerProperties.parseResourcePackPrompt(DedicatedServerProperties.java:181) ~[paper-26.2.jar:26.2-121-a2a42c5]
	at net.minecraft.server.dedicated.DedicatedServerProperties.getServerPackInfo(DedicatedServerProperties.java:227) ~[paper-26.2.jar:26.2-121-a2a42c5]
	at net.minecraft.server.dedicated.DedicatedServerProperties.<init>(DedicatedServerProperties.java:147) ~[paper-26.2.jar:26.2-121-a2a42c5]
	at net.minecraft.server.dedicated.DedicatedServerProperties.fromFile(DedicatedServerProperties.java:167) ~[paper-26.2.jar:26.2-121-a2a42c5]
	at net.minecraft.server.dedicated.DedicatedServerSettings.<init>(DedicatedServerSettings.java:13) ~[paper-26.2.jar:26.2-121-a2a42c5]
	at net.minecraft.server.Main.main(Main.java:124) ~[paper-26.2.jar:26.2-121-a2a42c5]
	at io.papermc.paper.PaperBootstrap.boot(PaperBootstrap.java:25) ~[paper-26.2.jar:26.2-121-a2a42c5]
	at org.bukkit.craftbukkit.Main.main(Main.java:204) ~[paper-26.2.jar:26.2-121-a2a42c5]
	at io.papermc.paperclip.Paperclip.lambda$main$0(Paperclip.java:42) ~[?:?]
	at java.base/java.lang.Thread.run(Thread.java:1474) ~[?:?]
Caused by: com.google.gson.stream.MalformedJsonException: Use JsonReader.setStrictness(Strictness.LENIENT) to accept malformed JSON at line 1 column 1 path $
See https://github.com/google/gson/blob/main/Troubleshooting.md#malformed-json
	at com.google.gson.stream.JsonReader.syntaxError(JsonReader.java:1817) ~[gson-2.14.0.jar:?]
	at com.google.gson.stream.JsonReader.checkLenient(JsonReader.java:1613) ~[gson-2.14.0.jar:?]
	at com.google.gson.stream.JsonReader.doPeek(JsonReader.java:727) ~[gson-2.14.0.jar:?]
	at com.google.gson.stream.JsonReader.peek(JsonReader.java:545) ~[gson-2.14.0.jar:?]
	at com.google.gson.internal.Streams.parse(Streams.java:46) ~[gson-2.14.0.jar:?]
	... 13 more
[18:55:13 INFO]: You need to agree to the EULA in order to run the server. Go to eula.txt for more info.
